 
****************************************
Report : clocks
Design : SYS_TOP
Version: K-2015.06
Date   : Fri Oct  3 05:26:09 2025
****************************************

Attributes:
    d - dont_touch_network
    f - fix_hold
    p - propagated_clock
    G - generated_clock
    g - lib_generated_clock

Clock          Period   Waveform            Attrs     Sources
--------------------------------------------------------------------------------
ALU_CLK         20.00   {0 10}              G d       {U0_ALU/CLK}
REF_CLK         20.00   {0 10}              d         {REF_CLK}
SCAN_CLK       100.00   {0 50}              d         {scan_clk}
UART_CLK       271.30   {0 135.65}          d         {UART_CLK}
UART_RX_CLK    271.30   {0 135.65}          G d       {U0_UART/RX_CLK}
UART_TX_CLK   8681.60   {0 4340.8}          G d       {U0_UART/TX_CLK}
--------------------------------------------------------------------------------

Generated     Master         Generated      Master         Waveform
Clock         Source         Source         Clock          Modification
--------------------------------------------------------------------------------
ALU_CLK       REF_CLK        {U0_ALU/CLK}   REF_CLK        divide_by(1)
UART_RX_CLK   UART_CLK       {U0_UART/RX_CLK}
                                            UART_CLK       divide_by(1)
UART_TX_CLK   UART_CLK       {U0_UART/TX_CLK}
                                            UART_CLK       divide_by(32)
--------------------------------------------------------------------------------
1
