 
****************************************
Report : timing
        -path full
        -delay min
        -max_paths 1
Design : SYS_TOP
Version: K-2015.06
Date   : Fri Oct  3 05:26:09 2025
****************************************

Operating Conditions: scmetro_tsmc_cl013g_rvt_ff_1p32v_m40c   Library: scmetro_tsmc_cl013g_rvt_ff_1p32v_m40c
Wire Load Model Mode: top

  Startpoint: U0_ALU/ALU_OUT_reg[8]
              (rising edge-triggered flip-flop clocked by ALU_CLK)
  Endpoint: U0_ALU/ALU_OUT_reg[9]
            (rising edge-triggered flip-flop clocked by ALU_CLK)
  Path Group: ALU_CLK
  Path Type: min

  Point                                                   Incr       Path
  --------------------------------------------------------------------------
  clock ALU_CLK (rise edge)                               0.00       0.00
  clock network delay (ideal)                             0.00       0.00
  U0_ALU/ALU_OUT_reg[8]/CK (SDFFRQX2M)                    0.00       0.00 r
  U0_ALU/ALU_OUT_reg[8]/Q (SDFFRQX2M)                     0.33       0.33 r
  U0_ALU/ALU_OUT_reg[9]/SI (SDFFRQX2M)                    0.00       0.33 r
  data arrival time                                                  0.33

  clock ALU_CLK (rise edge)                               0.00       0.00
  clock network delay (ideal)                             0.00       0.00
  clock uncertainty                                       0.10       0.10
  U0_ALU/ALU_OUT_reg[9]/CK (SDFFRQX2M)                    0.00       0.10 r
  library hold time                                      -0.18      -0.08
  data required time                                                -0.08
  --------------------------------------------------------------------------
  data required time                                                -0.08
  data arrival time                                                 -0.33
  --------------------------------------------------------------------------
  slack (MET)                                                        0.41


  Startpoint: U0_RST_SYNC/sync_reg_reg[0]
              (rising edge-triggered flip-flop clocked by SCAN_CLK)
  Endpoint: U0_RST_SYNC/sync_reg_reg[1]
            (rising edge-triggered flip-flop clocked by SCAN_CLK)
  Path Group: SCAN_CLK
  Path Type: min

  Point                                                   Incr       Path
  --------------------------------------------------------------------------
  clock SCAN_CLK (rise edge)                              0.00       0.00
  clock network delay (ideal)                             0.00       0.00
  U0_RST_SYNC/sync_reg_reg[0]/CK (SDFFRQX2M)              0.00       0.00 r
  U0_RST_SYNC/sync_reg_reg[0]/Q (SDFFRQX2M)               0.34       0.34 r
  U0_RST_SYNC/sync_reg_reg[1]/D (SDFFRQX2M)               0.00       0.34 r
  data arrival time                                                  0.34

  clock SCAN_CLK (rise edge)                              0.00       0.00
  clock network delay (ideal)                             0.00       0.00
  U0_RST_SYNC/sync_reg_reg[1]/CK (SDFFRQX2M)              0.00       0.00 r
  library hold time                                      -0.16      -0.16
  data required time                                                -0.16
  --------------------------------------------------------------------------
  data required time                                                -0.16
  data arrival time                                                 -0.34
  --------------------------------------------------------------------------
  slack (MET)                                                        0.51


  Startpoint: U0_UART/U0_UART_RX/U0_edge_bit_counter/bit_count_reg[3]
              (rising edge-triggered flip-flop clocked by UART_RX_CLK)
  Endpoint: U0_UART/U0_UART_RX/U0_edge_bit_counter/edge_count_reg[0]
            (rising edge-triggered flip-flop clocked by UART_RX_CLK)
  Path Group: UART_RX_CLK
  Path Type: min

  Point                                                   Incr       Path
  --------------------------------------------------------------------------
  clock UART_RX_CLK (rise edge)                           0.00       0.00
  clock network delay (ideal)                             0.00       0.00
  U0_UART/U0_UART_RX/U0_edge_bit_counter/bit_count_reg[3]/CK (SDFFRX1M)
                                                          0.00       0.00 r
  U0_UART/U0_UART_RX/U0_edge_bit_counter/bit_count_reg[3]/QN (SDFFRX1M)
                                                          0.30       0.30 r
  U0_UART/U0_UART_RX/U0_edge_bit_counter/edge_count_reg[0]/SI (SDFFRQX2M)
                                                          0.00       0.30 r
  data arrival time                                                  0.30

  clock UART_RX_CLK (rise edge)                           0.00       0.00
  clock network delay (ideal)                             0.00       0.00
  clock uncertainty                                       0.10       0.10
  U0_UART/U0_UART_RX/U0_edge_bit_counter/edge_count_reg[0]/CK (SDFFRQX2M)
                                                          0.00       0.10 r
  library hold time                                      -0.19      -0.09
  data required time                                                -0.09
  --------------------------------------------------------------------------
  data required time                                                -0.09
  data arrival time                                                 -0.30
  --------------------------------------------------------------------------
  slack (MET)                                                        0.39


  Startpoint: U0_UART/U0_UART_TX/U0_Serializer/DATA_V_reg[2]
              (rising edge-triggered flip-flop clocked by UART_TX_CLK)
  Endpoint: U0_UART/U0_UART_TX/U0_Serializer/DATA_V_reg[3]
            (rising edge-triggered flip-flop clocked by UART_TX_CLK)
  Path Group: UART_TX_CLK
  Path Type: min

  Point                                                   Incr       Path
  --------------------------------------------------------------------------
  clock UART_TX_CLK (rise edge)                           0.00       0.00
  clock network delay (ideal)                             0.00       0.00
  U0_UART/U0_UART_TX/U0_Serializer/DATA_V_reg[2]/CK (SDFFRQX2M)
                                                          0.00       0.00 r
  U0_UART/U0_UART_TX/U0_Serializer/DATA_V_reg[2]/Q (SDFFRQX2M)
                                                          0.36       0.36 r
  U0_UART/U0_UART_TX/U0_Serializer/DATA_V_reg[3]/SI (SDFFRQX2M)
                                                          0.00       0.36 r
  data arrival time                                                  0.36

  clock UART_TX_CLK (rise edge)                           0.00       0.00
  clock network delay (ideal)                             0.00       0.00
  clock uncertainty                                       0.10       0.10
  U0_UART/U0_UART_TX/U0_Serializer/DATA_V_reg[3]/CK (SDFFRQX2M)
                                                          0.00       0.10 r
  library hold time                                      -0.18      -0.08
  data required time                                                -0.08
  --------------------------------------------------------------------------
  data required time                                                -0.08
  data arrival time                                                 -0.36
  --------------------------------------------------------------------------
  slack (MET)                                                        0.44


1
