Information: Propagating switching activity (low effort zero delay simulation). (PWR-6)
Warning: Design has unannotated primary inputs. (PWR-414)
Warning: Design has unannotated sequential cell outputs. (PWR-415)
 
****************************************
Report : power
        -hier
        -analysis_effort low
Design : SYS_TOP
Version: K-2015.06
Date   : Fri Oct  3 05:26:09 2025
****************************************


Library(s) Used:

    scmetro_tsmc_cl013g_rvt_ss_1p08v_125c (File: /home/IC/tsmc_fb_cl013g_sc/aci/sc-m/synopsys/scmetro_tsmc_cl013g_rvt_ss_1p08v_125c.db)


Operating Conditions: scmetro_tsmc_cl013g_rvt_ss_1p08v_125c   Library: scmetro_tsmc_cl013g_rvt_ss_1p08v_125c
Wire Load Model Mode: top


Global Operating Voltage = 1.08 
Power-specific unit information :
    Voltage Units = 1V
    Capacitance Units = 1.000000pf
    Time Units = 1ns
    Dynamic Power Units = 1mW    (derived from V,C,T units)
    Leakage Power Units = 1pW


--------------------------------------------------------------------------------
                                       Switch   Int      Leak     Total
Hierarchy                              Power    Power    Power    Power    %
--------------------------------------------------------------------------------
SYS_TOP                                1.77e-02 8.67e-02 1.49e+07    0.119 100.0
  U0_CLK_GATE (CLK_GATE)               1.84e-03 2.68e-03 4.19e+04 4.56e-03   3.8
  U0_ALU (ALU_test_1)                  2.97e-04 1.54e-02 4.27e+06 2.00e-02  16.8
    mult_49 (ALU_DW02_mult_0)          4.64e-05 2.99e-05 1.65e+06 1.72e-03   1.4
    add_43 (ALU_DW01_add_0)            4.94e-06 6.39e-05 2.06e+05 2.74e-04   0.2
    sub_46 (ALU_DW01_sub_0)            9.60e-06 5.71e-05 2.48e+05 3.15e-04   0.3
    div_52 (ALU_DW_div_uns_0)          8.95e-05 3.20e-04 1.25e+06 1.66e-03   1.4
  U0_RegFile (RegFile_test_1)          3.53e-03 3.16e-02 3.68e+06 3.88e-02  32.5
  U0_SYS_CTRL (sys_ctrl_test_1)        3.77e-05 1.72e-03 3.66e+05 2.12e-03   1.8
  U0_UART (UART_test_1)                1.83e-03 6.92e-03 2.39e+06 1.11e-02   9.3
    U0_UART_RX (UART_RX_test_1)        1.32e-03 5.21e-03 1.66e+06 8.19e-03   6.9
      U0_stp_chk (stp_chk_test_1)      3.76e-07 1.13e-04 2.15e+04 1.35e-04   0.1
      U0_par_chk (par_chk_DATA_WIDTH8_test_1)
                                       1.15e-05 1.62e-04 1.22e+05 2.96e-04   0.2
      U0_strt_chk (strt_chk_test_1)    2.59e-08 1.13e-04 2.14e+04 1.34e-04   0.1
      U0_deserializer (deserializer_DATA_WIDTH8_test_1)
                                       1.11e-04 1.37e-03 2.80e+05 1.76e-03   1.5
      U0_data_sampling (data_sampling_test_1)
                                       1.49e-04 9.20e-04 3.93e+05 1.46e-03   1.2
      U0_edge_bit_counter (edge_bit_counter_test_1)
                                       4.06e-04 1.71e-03 4.08e+05 2.52e-03   2.1
      U0_uart_fsm (uart_rx_fsm_DATA_WIDTH8_test_1)
                                       2.22e-04 8.06e-04 4.06e+05 1.43e-03   1.2
    U0_UART_TX (UART_TX_DATA_WIDTH8_test_1)
                                       4.80e-04 1.68e-03 7.28e+05 2.89e-03   2.4
      U0_parity_calc (parity_calc_WIDTH8_test_1)
                                       8.68e-06 6.14e-04 2.96e+05 9.19e-04   0.8
      U0_mux (mux_test_1)              3.09e-06 6.69e-05 2.89e+04 9.89e-05   0.1
      U0_Serializer (Serializer_WIDTH8_test_1)
                                       8.63e-05 7.01e-04 2.79e+05 1.07e-03   0.9
      U0_fsm (uart_tx_fsm_test_1)      2.00e-06 2.69e-04 1.19e+05 3.90e-04   0.3
  U1_ClkDiv (ClkDiv_test_1)            6.02e-05 2.11e-03 5.79e+05 2.75e-03   2.3
    add_49 (ClkDiv_1_DW01_inc_0)          0.000    0.000 8.37e+04 8.37e-05   0.1
  U0_CLKDIV_MUX (CLKDIV_MUX)           2.31e-05 1.95e-05 4.48e+04 8.75e-05   0.1
  U0_ClkDiv (ClkDiv_test_0)            2.40e-04 2.85e-03 5.46e+05 3.64e-03   3.1
    add_49 (ClkDiv_0_DW01_inc_0)       1.28e-05 4.38e-05 8.33e+04 1.40e-04   0.1
  U0_PULSE_GEN (PULSE_GEN_test_1)      1.22e-07 1.44e-04 3.22e+04 1.77e-04   0.1
  U0_UART_FIFO (Async_fifo_D_SIZE8_P_SIZE4_F_DEPTH8_test_1)
                                       2.12e-03 1.87e-02 2.52e+06 2.33e-02  19.6
    u_r2w_sync (DF_Sync_DATA_SIZE4_test_0)
                                       4.46e-08 1.56e-03 1.07e+05 1.66e-03   1.4
    u_fifo_rd (fifo_rd_test_1)         4.65e-07 5.05e-04 2.61e+05 7.66e-04   0.6
    u_fifo_wr (fifo_wr_test_1)         4.55e-08 1.57e-03 2.54e+05 1.82e-03   1.5
    u_w2r_sync (DF_Sync_DATA_SIZE4_test_1)
                                          0.000 4.91e-04 1.08e+05 5.99e-04   0.5
    u_fifo_mem (fifo_mem_A_SIZE3_D_SIZE8_F_DEPTH8_P_SIZE4_test_1)
                                       1.61e-03 1.45e-02 1.78e+06 1.79e-02  15.0
  U0_ref_sync (DATA_SYNC_NUM_STAGES2_BUS_WIDTH8_test_1)
                                          0.000 2.33e-03 2.10e+05 2.54e-03   2.1
  U1_RST_SYNC (RST_SYNC_NUM_STAGES2_test_1)
                                       6.51e-06 6.15e-04 2.85e+04 6.50e-04   0.5
  U0_RST_SYNC (RST_SYNC_NUM_STAGES2_test_0)
                                       1.02e-05 5.77e-04 2.97e+04 6.17e-04   0.5
  mux_rst_uart (mux2X1_5)              1.02e-05 4.27e-05 1.26e+04 6.55e-05   0.1
  mux_rst_ref (mux2X1_6)               9.84e-06 4.26e-05 1.29e+04 6.53e-05   0.1
  mux_rst (mux2X1_0)                   9.61e-06 4.25e-05 1.15e+04 6.36e-05   0.1
  mux_clk_uart_rx (mux2X1_2)           2.23e-04 6.97e-05 1.15e+04 3.04e-04   0.3
  mux_clk_uart_tx (mux2X1_3)           1.07e-05 2.23e-06 1.28e+04 2.58e-05   0.0
  mux_clk_uart (mux2X1_4)              5.13e-04 1.87e-04 1.15e+04 7.12e-04   0.6
  mux_clk_ref (mux2X1_1)               5.25e-03 4.09e-04 1.88e+04 5.67e-03   4.8
1
