 
****************************************
Report : timing
        -path full
        -delay max
        -max_paths 1
Design : SYS_TOP
Version: K-2015.06
Date   : Fri Oct  3 05:26:09 2025
****************************************

Operating Conditions: scmetro_tsmc_cl013g_rvt_ss_1p08v_125c   Library: scmetro_tsmc_cl013g_rvt_ss_1p08v_125c
Wire Load Model Mode: top

  Startpoint: U0_ALU/ALU_OUT_reg[0]
              (rising edge-triggered flip-flop clocked by ALU_CLK)
  Endpoint: U0_ALU/ALU_OUT_reg[1]
            (rising edge-triggered flip-flop clocked by ALU_CLK)
  Path Group: ALU_CLK
  Path Type: max

  Point                                                   Incr       Path
  --------------------------------------------------------------------------
  clock ALU_CLK (rise edge)                               0.00       0.00
  clock network delay (ideal)                             0.00       0.00
  U0_ALU/ALU_OUT_reg[0]/CK (SDFFRQX2M)                    0.00       0.00 r
  U0_ALU/ALU_OUT_reg[0]/Q (SDFFRQX2M)                     0.42       0.42 f
  U0_ALU/ALU_OUT_reg[1]/SI (SDFFRQX2M)                    0.00       0.42 f
  data arrival time                                                  0.42

  clock ALU_CLK (rise edge)                              20.00      20.00
  clock network delay (ideal)                             0.00      20.00
  clock uncertainty                                      -0.20      19.80
  U0_ALU/ALU_OUT_reg[1]/CK (SDFFRQX2M)                    0.00      19.80 r
  library setup time                                     -0.52      19.28
  data required time                                                19.28
  --------------------------------------------------------------------------
  data required time                                                19.28
  data arrival time                                                 -0.42
  --------------------------------------------------------------------------
  slack (MET)                                                       18.87


  Startpoint: SE (input port clocked by SCAN_CLK)
  Endpoint: U1_ClkDiv/odd_edge_tog_reg
            (rising edge-triggered flip-flop clocked by SCAN_CLK)
  Path Group: SCAN_CLK
  Path Type: max

  Point                                                   Incr       Path
  --------------------------------------------------------------------------
  clock SCAN_CLK (rise edge)                              0.00       0.00
  clock network delay (ideal)                             0.00       0.00
  input external delay                                   20.00      20.00 r
  SE (in)                                                 0.48      20.48 r
  U17/Y (INVXLM)                                          0.16      20.65 f
  U20/Y (INVXLM)                                          0.37      21.01 r
  U14/Y (INVXLM)                                          0.12      21.13 f
  U15/Y (INVXLM)                                          0.48      21.62 r
  U1_ClkDiv/test_se (ClkDiv_test_1)                       0.00      21.62 r
  U1_ClkDiv/odd_edge_tog_reg/SE (SDFFSQX1M)               0.00      21.62 r
  data arrival time                                                 21.62

  clock SCAN_CLK (rise edge)                            100.00     100.00
  clock network delay (ideal)                             0.00     100.00
  U1_ClkDiv/odd_edge_tog_reg/CK (SDFFSQX1M)               0.00     100.00 r
  library setup time                                     -0.64      99.36
  data required time                                                99.36
  --------------------------------------------------------------------------
  data required time                                                99.36
  data arrival time                                                -21.62
  --------------------------------------------------------------------------
  slack (MET)                                                       77.75


  Startpoint: U0_UART/U0_UART_RX/U0_edge_bit_counter/edge_count_reg[0]
              (rising edge-triggered flip-flop clocked by UART_RX_CLK)
  Endpoint: U0_UART/U0_UART_RX/U0_data_sampling/Samples_reg[2]
            (rising edge-triggered flip-flop clocked by UART_RX_CLK)
  Path Group: UART_RX_CLK
  Path Type: max

  Point                                                   Incr       Path
  --------------------------------------------------------------------------
  clock UART_RX_CLK (rise edge)                           0.00       0.00
  clock network delay (ideal)                             0.00       0.00
  U0_UART/U0_UART_RX/U0_edge_bit_counter/edge_count_reg[0]/CK (SDFFRQX2M)
                                                          0.00       0.00 r
  U0_UART/U0_UART_RX/U0_edge_bit_counter/edge_count_reg[0]/Q (SDFFRQX2M)
                                                          0.49       0.49 r
  U0_UART/U0_UART_RX/U0_edge_bit_counter/edge_count[0] (edge_bit_counter_test_1)
                                                          0.00       0.49 r
  U0_UART/U0_UART_RX/U0_data_sampling/edge_count[0] (data_sampling_test_1)
                                                          0.00       0.49 r
  U0_UART/U0_UART_RX/U0_data_sampling/U52/Y (CLKXOR2X2M)
                                                          0.34       0.83 f
  U0_UART/U0_UART_RX/U0_data_sampling/U51/Y (NOR3X1M)     0.21       1.04 r
  U0_UART/U0_UART_RX/U0_data_sampling/U50/Y (NAND4X1M)
                                                          0.27       1.30 f
  U0_UART/U0_UART_RX/U0_data_sampling/U41/Y (NOR4BX1M)
                                                          0.26       1.56 f
  U0_UART/U0_UART_RX/U0_data_sampling/U40/Y (NAND4X1M)
                                                          0.14       1.70 r
  U0_UART/U0_UART_RX/U0_data_sampling/U36/Y (NAND4BX1M)
                                                          0.17       1.87 f
  U0_UART/U0_UART_RX/U0_data_sampling/U30/Y (NOR2X1M)     0.16       2.03 r
  U0_UART/U0_UART_RX/U0_data_sampling/U29/Y (MXI2X1M)     0.07       2.10 f
  U0_UART/U0_UART_RX/U0_data_sampling/Samples_reg[2]/D (SDFFRQX2M)
                                                          0.00       2.10 f
  data arrival time                                                  2.10

  clock UART_RX_CLK (rise edge)                         271.30     271.30
  clock network delay (ideal)                             0.00     271.30
  clock uncertainty                                      -0.20     271.10
  U0_UART/U0_UART_RX/U0_data_sampling/Samples_reg[2]/CK (SDFFRQX2M)
                                                          0.00     271.10 r
  library setup time                                     -0.42     270.68
  data required time                                               270.68
  --------------------------------------------------------------------------
  data required time                                               270.68
  data arrival time                                                 -2.10
  --------------------------------------------------------------------------
  slack (MET)                                                      268.58


  Startpoint: U0_UART/U0_UART_RX/U0_uart_fsm/current_state_reg[2]
              (rising edge-triggered flip-flop clocked by UART_RX_CLK)
  Endpoint: U0_UART/U0_UART_TX/U0_Serializer/DATA_V_reg[0]
            (rising edge-triggered flip-flop clocked by UART_TX_CLK)
  Path Group: UART_TX_CLK
  Path Type: max

  Point                                                   Incr       Path
  --------------------------------------------------------------------------
  clock UART_RX_CLK (rise edge)                        8410.30    8410.30
  clock network delay (ideal)                             0.00    8410.30
  U0_UART/U0_UART_RX/U0_uart_fsm/current_state_reg[2]/CK (SDFFRQX2M)
                                                          0.00    8410.30 r
  U0_UART/U0_UART_RX/U0_uart_fsm/current_state_reg[2]/Q (SDFFRQX2M)
                                                          0.39    8410.69 r
  U0_UART/U0_UART_RX/U0_uart_fsm/U69/Y (CLKINVX1M)        0.12    8410.81 f
  U0_UART/U0_UART_RX/U0_uart_fsm/test_so (uart_rx_fsm_DATA_WIDTH8_test_1)
                                                          0.00    8410.81 f
  U0_UART/U0_UART_RX/test_so (UART_RX_test_1)             0.00    8410.81 f
  U0_UART/U0_UART_TX/test_si1 (UART_TX_DATA_WIDTH8_test_1)
                                                          0.00    8410.81 f
  U0_UART/U0_UART_TX/U0_Serializer/test_si (Serializer_WIDTH8_test_1)
                                                          0.00    8410.81 f
  U0_UART/U0_UART_TX/U0_Serializer/DATA_V_reg[0]/SI (SDFFRQX2M)
                                                          0.00    8410.81 f
  data arrival time                                               8410.81

  clock UART_TX_CLK (rise edge)                        8681.60    8681.60
  clock network delay (ideal)                             0.00    8681.60
  clock uncertainty                                      -0.20    8681.40
  U0_UART/U0_UART_TX/U0_Serializer/DATA_V_reg[0]/CK (SDFFRQX2M)
                                                          0.00    8681.40 r
  library setup time                                     -0.53    8680.87
  data required time                                              8680.87
  --------------------------------------------------------------------------
  data required time                                              8680.87
  data arrival time                                              -8410.81
  --------------------------------------------------------------------------
  slack (MET)                                                      270.06


1
