 
****************************************
Report : area
Design : SYS_TOP
Version: K-2015.06
Date   : Tue Sep 30 21:19:01 2025
****************************************

Library(s) Used:

    scmetro_tsmc_cl013g_rvt_ss_1p08v_125c (File: /home/IC/tsmc_fb_cl013g_sc/aci/sc-m/synopsys/scmetro_tsmc_cl013g_rvt_ss_1p08v_125c.db)

Number of ports:                          772
Number of nets:                          2594
Number of cells:                         1808
Number of combinational cells:           1402
Number of sequential cells:               368
Number of macros/black boxes:               0
Number of buf/inv:                        243
Number of references:                      16

Combinational area:              13270.822825
Buf/Inv area:                      921.356120
Noncombinational area:            9031.172392
Macro/Black Box area:                0.000000
Net Interconnect area:      undefined  (No wire load specified)

Total cell area:                 22301.995217
Total area:                 undefined

Hierarchical area distribution
------------------------------

                                  Global cell area            Local cell area
                                  -------------------  ----------------------------- 
Hierarchical cell                 Absolute    Percent  Combi-      Noncombi-  Black-
                                  Total       Total    national    national   boxes   Design
--------------------------------  ----------  -------  ----------  ---------  ------  -----------------------------------------
SYS_TOP                           22301.9952    100.0     29.4175     0.0000  0.0000  SYS_TOP
U0_ALU                             5551.6706     24.9   1023.7290   440.0858  0.0000  ALU
U0_ALU/add_43                       231.8099      1.0    231.8099     0.0000  0.0000  ALU_DW01_add_0
U0_ALU/div_52                      1434.3973      6.4   1434.3973     0.0000  0.0000  ALU_DW_div_uns_0
U0_ALU/mult_49                     2155.7144      9.7   1914.4909     0.0000  0.0000  ALU_DW02_mult_0
U0_ALU/mult_49/FS_1                 241.2235      1.1    241.2235     0.0000  0.0000  ALU_DW01_add_1
U0_ALU/sub_46                       265.9342      1.2    265.9342     0.0000  0.0000  ALU_DW01_sub_0
U0_CLKDIV_MUX                        88.2525      0.4     88.2525     0.0000  0.0000  CLKDIV_MUX
U0_CLK_GATE                          40.0078      0.2      0.0000    40.0078  0.0000  CLK_GATE
U0_ClkDiv                           767.2084      3.4    442.4392   232.9866  0.0000  ClkDiv_0
U0_ClkDiv/add_49                     91.7826      0.4     91.7826     0.0000  0.0000  ClkDiv_0_DW01_inc_0
U0_PULSE_GEN                         57.6583      0.3      5.8835    51.7748  0.0000  PULSE_GEN
U0_RST_SYNC                          51.7748      0.2      0.0000    51.7748  0.0000  RST_SYNC_NUM_STAGES2_0
U0_RegFile                         6085.8924     27.3   2539.3187  3546.5738  0.0000  RegFile
U0_SYS_CTRL                         737.7909      3.3    525.9849   211.8060  0.0000  sys_ctrl
U0_UART                            3623.0593     16.2      7.0602     0.0000  0.0000  UART
U0_UART/U0_UART_RX                 2460.4797     11.0      7.0602     0.0000  0.0000  UART_RX
U0_UART/U0_UART_RX/U0_data_sampling
                                    574.2296      2.6    470.6800   103.5496  0.0000  data_sampling
U0_UART/U0_UART_RX/U0_deserializer
                                    460.0897      2.1    252.9905   207.0992  0.0000  deserializer_DATA_WIDTH8
U0_UART/U0_UART_RX/U0_edge_bit_counter
                                    623.6510      2.8    363.6003   260.0507  0.0000  edge_bit_counter
U0_UART/U0_UART_RX/U0_par_chk       136.4972      0.6    110.6098    25.8874  0.0000  par_chk_DATA_WIDTH8
U0_UART/U0_UART_RX/U0_stp_chk        37.6544      0.2     11.7670    25.8874  0.0000  stp_chk
U0_UART/U0_UART_RX/U0_strt_chk       37.6544      0.2     11.7670    25.8874  0.0000  strt_chk
U0_UART/U0_UART_RX/U0_uart_fsm      583.6432      2.6    505.9810    77.6622  0.0000  uart_rx_fsm_DATA_WIDTH8
U0_UART/U0_UART_TX                 1155.5194      5.2      7.0602     0.0000  0.0000  UART_TX_DATA_WIDTH8
U0_UART/U0_UART_TX/U0_Serializer    470.6800      2.1    185.9186   284.7614  0.0000  Serializer_WIDTH8
U0_UART/U0_UART_TX/U0_fsm           192.9788      0.9     89.4292   103.5496  0.0000  uart_tx_fsm
U0_UART/U0_UART_TX/U0_mux            52.9515      0.2     27.0641    25.8874  0.0000  mux
U0_UART/U0_UART_TX/U0_parity_calc   431.8489      1.9    198.8623   232.9866  0.0000  parity_calc_WIDTH8
U0_UART_FIFO                       4054.9082     18.2      7.0602     0.0000  0.0000  Async_fifo_D_SIZE8_P_SIZE4_F_DEPTH8
U0_UART_FIFO/u_fifo_mem            2897.0354     13.0   1240.2418  1656.7936  0.0000  fifo_mem_A_SIZE3_D_SIZE8_F_DEPTH8_P_SIZE4
U0_UART_FIFO/u_fifo_rd              368.3071      1.7    160.0312   208.2759  0.0000  fifo_rd
U0_UART_FIFO/u_fifo_wr              368.3071      1.7    160.0312   208.2759  0.0000  fifo_wr
U0_UART_FIFO/u_r2w_sync             207.0992      0.9      0.0000   207.0992  0.0000  DF_Sync_DATA_SIZE4_1
U0_UART_FIFO/u_w2r_sync             207.0992      0.9      0.0000   207.0992  0.0000  DF_Sync_DATA_SIZE4_0
U0_ref_sync                         395.3712      1.8     84.7224   310.6488  0.0000  DATA_SYNC_NUM_STAGES2_BUS_WIDTH8
U1_ClkDiv                           767.2084      3.4    442.4392   232.9866  0.0000  ClkDiv_1
U1_ClkDiv/add_49                     91.7826      0.4     91.7826     0.0000  0.0000  ClkDiv_1_DW01_inc_0
U1_RST_SYNC                          51.7748      0.2      0.0000    51.7748  0.0000  RST_SYNC_NUM_STAGES2_1
--------------------------------  ----------  -------  ----------  ---------  ------  -----------------------------------------
Total                                                  13270.8228  9031.1724  0.0000

1
