 
****************************************
Report : timing
        -path full
        -delay min
        -max_paths 1
Design : SYS_TOP
Version: K-2015.06
Date   : Tue Sep 30 21:19:03 2025
****************************************

Operating Conditions: scmetro_tsmc_cl013g_rvt_ff_1p32v_m40c   Library: scmetro_tsmc_cl013g_rvt_ff_1p32v_m40c
Wire Load Model Mode: top

  Startpoint: U0_SYS_CTRL/cs_reg[0]
              (rising edge-triggered flip-flop clocked by REF_CLK)
  Endpoint: U0_ALU/OUT_VALID_reg
            (rising edge-triggered flip-flop clocked by ALU_CLK)
  Path Group: ALU_CLK
  Path Type: min

  Point                                    Incr       Path
  -----------------------------------------------------------
  clock REF_CLK (rise edge)                0.00       0.00
  clock network delay (ideal)              0.00       0.00
  U0_SYS_CTRL/cs_reg[0]/CK (DFFRQX2M)      0.00       0.00 r
  U0_SYS_CTRL/cs_reg[0]/Q (DFFRQX2M)       0.43       0.43 r
  U0_SYS_CTRL/U37/Y (NOR3X2M)              0.08       0.52 f
  U0_SYS_CTRL/U17/Y (INVX2M)               0.15       0.67 r
  U0_SYS_CTRL/U23/Y (NOR2X2M)              0.10       0.77 f
  U0_SYS_CTRL/ALU_EN (sys_ctrl)            0.00       0.77 f
  U0_ALU/EN (ALU)                          0.00       0.77 f
  U0_ALU/OUT_VALID_reg/D (DFFRQX2M)        0.00       0.77 f
  data arrival time                                   0.77

  clock ALU_CLK (rise edge)                0.00       0.00
  clock network delay (ideal)              0.00       0.00
  clock uncertainty                        0.10       0.10
  U0_ALU/OUT_VALID_reg/CK (DFFRQX2M)       0.00       0.10 r
  library hold time                       -0.03       0.07
  data required time                                  0.07
  -----------------------------------------------------------
  data required time                                  0.07
  data arrival time                                  -0.77
  -----------------------------------------------------------
  slack (MET)                                         0.70


  Startpoint: U0_SYS_CTRL/Address_reg_reg[1]
              (rising edge-triggered flip-flop clocked by REF_CLK)
  Endpoint: U0_SYS_CTRL/Address_reg_reg[1]
            (rising edge-triggered flip-flop clocked by REF_CLK)
  Path Group: REF_CLK
  Path Type: min

  Point                                                   Incr       Path
  --------------------------------------------------------------------------
  clock REF_CLK (rise edge)                               0.00       0.00
  clock network delay (ideal)                             0.00       0.00
  U0_SYS_CTRL/Address_reg_reg[1]/CK (DFFRX1M)             0.00       0.00 r
  U0_SYS_CTRL/Address_reg_reg[1]/QN (DFFRX1M)             0.35       0.35 r
  U0_SYS_CTRL/U67/Y (OAI22X1M)                            0.07       0.42 f
  U0_SYS_CTRL/Address_reg_reg[1]/D (DFFRX1M)              0.00       0.42 f
  data arrival time                                                  0.42

  clock REF_CLK (rise edge)                               0.00       0.00
  clock network delay (ideal)                             0.00       0.00
  clock uncertainty                                       0.10       0.10
  U0_SYS_CTRL/Address_reg_reg[1]/CK (DFFRX1M)             0.00       0.10 r
  library hold time                                      -0.01       0.09
  data required time                                                 0.09
  --------------------------------------------------------------------------
  data required time                                                 0.09
  data arrival time                                                 -0.42
  --------------------------------------------------------------------------
  slack (MET)                                                        0.33


  Startpoint: U0_RST_SYNC/sync_reg_reg[0]/CK
              (internal path startpoint clocked by UART_CLK)
  Endpoint: U0_RST_SYNC/sync_reg_reg[1]
            (rising edge-triggered flip-flop clocked by UART_CLK)
  Path Group: UART_CLK
  Path Type: min

  Point                                                   Incr       Path
  --------------------------------------------------------------------------
  clock UART_CLK (rise edge)                              0.00       0.00
  clock network delay (ideal)                             0.00       0.00
  input external delay                                    0.00       0.00 r
  U0_RST_SYNC/sync_reg_reg[0]/CK (DFFRQX2M)               0.00       0.00 r
  U0_RST_SYNC/sync_reg_reg[0]/Q (DFFRQX2M)                0.46       0.46 f
  U0_RST_SYNC/sync_reg_reg[1]/D (DFFRQX2M)                0.00       0.46 f
  data arrival time                                                  0.46

  clock UART_CLK (rise edge)                              0.00       0.00
  clock network delay (ideal)                             0.00       0.00
  clock uncertainty                                       0.10       0.10
  U0_RST_SYNC/sync_reg_reg[1]/CK (DFFRQX2M)               0.00       0.10 r
  library hold time                                      -0.02       0.08
  data required time                                                 0.08
  --------------------------------------------------------------------------
  data required time                                                 0.08
  data arrival time                                                 -0.46
  --------------------------------------------------------------------------
  slack (MET)                                                        0.38


  Startpoint: U0_UART/U0_UART_RX/U0_edge_bit_counter/bit_count_reg[3]
              (rising edge-triggered flip-flop clocked by UART_RX_CLK)
  Endpoint: U0_UART/U0_UART_RX/U0_edge_bit_counter/bit_count_reg[3]
            (rising edge-triggered flip-flop clocked by UART_RX_CLK)
  Path Group: UART_RX_CLK
  Path Type: min

  Point                                                   Incr       Path
  --------------------------------------------------------------------------
  clock UART_RX_CLK (rise edge)                           0.00       0.00
  clock network delay (ideal)                             0.00       0.00
  U0_UART/U0_UART_RX/U0_edge_bit_counter/bit_count_reg[3]/CK (DFFRX1M)
                                                          0.00       0.00 r
  U0_UART/U0_UART_RX/U0_edge_bit_counter/bit_count_reg[3]/QN (DFFRX1M)
                                                          0.35       0.35 r
  U0_UART/U0_UART_RX/U0_edge_bit_counter/U14/Y (OAI32X1M)
                                                          0.07       0.42 f
  U0_UART/U0_UART_RX/U0_edge_bit_counter/bit_count_reg[3]/D (DFFRX1M)
                                                          0.00       0.42 f
  data arrival time                                                  0.42

  clock UART_RX_CLK (rise edge)                           0.00       0.00
  clock network delay (ideal)                             0.00       0.00
  clock uncertainty                                       0.10       0.10
  U0_UART/U0_UART_RX/U0_edge_bit_counter/bit_count_reg[3]/CK (DFFRX1M)
                                                          0.00       0.10 r
  library hold time                                      -0.02       0.08
  data required time                                                 0.08
  --------------------------------------------------------------------------
  data required time                                                 0.08
  data arrival time                                                 -0.42
  --------------------------------------------------------------------------
  slack (MET)                                                        0.34


  Startpoint: U0_UART/U0_UART_TX/U0_Serializer/ser_count_reg[0]
              (rising edge-triggered flip-flop clocked by UART_TX_CLK)
  Endpoint: U0_UART/U0_UART_TX/U0_Serializer/ser_count_reg[0]
            (rising edge-triggered flip-flop clocked by UART_TX_CLK)
  Path Group: UART_TX_CLK
  Path Type: min

  Point                                                   Incr       Path
  --------------------------------------------------------------------------
  clock UART_TX_CLK (rise edge)                           0.00       0.00
  clock network delay (ideal)                             0.00       0.00
  U0_UART/U0_UART_TX/U0_Serializer/ser_count_reg[0]/CK (DFFRQX2M)
                                                          0.00       0.00 r
  U0_UART/U0_UART_TX/U0_Serializer/ser_count_reg[0]/Q (DFFRQX2M)
                                                          0.42       0.42 r
  U0_UART/U0_UART_TX/U0_Serializer/U28/Y (NOR2X2M)        0.07       0.49 f
  U0_UART/U0_UART_TX/U0_Serializer/ser_count_reg[0]/D (DFFRQX2M)
                                                          0.00       0.49 f
  data arrival time                                                  0.49

  clock UART_TX_CLK (rise edge)                           0.00       0.00
  clock network delay (ideal)                             0.00       0.00
  clock uncertainty                                       0.10       0.10
  U0_UART/U0_UART_TX/U0_Serializer/ser_count_reg[0]/CK (DFFRQX2M)
                                                          0.00       0.10 r
  library hold time                                      -0.03       0.07
  data required time                                                 0.07
  --------------------------------------------------------------------------
  data required time                                                 0.07
  data arrival time                                                 -0.49
  --------------------------------------------------------------------------
  slack (MET)                                                        0.42


1
