Loading db file '/home/IC/tsmc_fb_cl013g_sc/aci/sc-m/synopsys/scmetro_tsmc_cl013g_rvt_ss_1p08v_125c.db'
Information: Propagating switching activity (low effort zero delay simulation). (PWR-6)
Warning: Design has unannotated primary inputs. (PWR-414)
Warning: Design has unannotated sequential cell outputs. (PWR-415)
 
****************************************
Report : power
        -hier
        -analysis_effort low
Design : SYS_TOP
Version: K-2015.06
Date   : Tue Sep 30 21:19:03 2025
****************************************


Library(s) Used:

    scmetro_tsmc_cl013g_rvt_ss_1p08v_125c (File: /home/IC/tsmc_fb_cl013g_sc/aci/sc-m/synopsys/scmetro_tsmc_cl013g_rvt_ss_1p08v_125c.db)


Operating Conditions: scmetro_tsmc_cl013g_rvt_ss_1p08v_125c   Library: scmetro_tsmc_cl013g_rvt_ss_1p08v_125c
Wire Load Model Mode: top


Global Operating Voltage = 1.08 
Power-specific unit information :
    Voltage Units = 1V
    Capacitance Units = 1.000000pf
    Time Units = 1ns
    Dynamic Power Units = 1mW    (derived from V,C,T units)
    Leakage Power Units = 1pW


--------------------------------------------------------------------------------
                                       Switch   Int      Leak     Total
Hierarchy                              Power    Power    Power    Power    %
--------------------------------------------------------------------------------
SYS_TOP                                6.35e-03    0.196 1.34e+07    0.215 100.0
  U0_CLK_GATE (CLK_GATE)               1.51e-03 4.65e-03 3.71e+04 6.20e-03   2.9
  U0_ALU (ALU)                            0.000 1.24e-02 4.20e+06 1.66e-02   7.7
    mult_49 (ALU_DW02_mult_0)             0.000    0.000 1.65e+06 1.65e-03   0.8
    add_43 (ALU_DW01_add_0)               0.000    0.000 2.05e+05 2.05e-04   0.1
    sub_46 (ALU_DW01_sub_0)               0.000    0.000 2.48e+05 2.48e-04   0.1
    div_52 (ALU_DW_div_uns_0)             0.000    0.000 1.24e+06 1.24e-03   0.6
  U0_RegFile (RegFile)                 1.92e-03 9.96e-02 3.17e+06    0.105  48.6
  U0_SYS_CTRL (sys_ctrl)                  0.000 6.06e-03 3.41e+05 6.40e-03   3.0
  U0_UART (UART)                       7.30e-04 2.22e-03 2.16e+06 5.11e-03   2.4
    U0_UART_RX (UART_RX)               5.36e-04 2.07e-03 1.53e+06 4.13e-03   1.9
      U0_stp_chk (stp_chk)                0.000 5.66e-05 1.75e+04 7.40e-05   0.0
      U0_par_chk (par_chk_DATA_WIDTH8)    0.000 5.66e-05 1.20e+05 1.76e-04   0.1
      U0_strt_chk (strt_chk)              0.000 5.66e-05 1.72e+04 7.38e-05   0.0
      U0_deserializer (deserializer_DATA_WIDTH8)
                                       2.14e-06 4.55e-04 2.39e+05 6.96e-04   0.3
      U0_data_sampling (data_sampling) 8.63e-06 2.55e-04 3.75e+05 6.39e-04   0.3
      U0_edge_bit_counter (edge_bit_counter)
                                       2.01e-04 8.03e-04 3.60e+05 1.36e-03   0.6
      U0_uart_fsm (uart_rx_fsm_DATA_WIDTH8)
                                       1.28e-04 3.72e-04 3.96e+05 8.97e-04   0.4
    U0_UART_TX (UART_TX_DATA_WIDTH8)   1.80e-04 1.39e-04 6.20e+05 9.39e-04   0.4
      U0_parity_calc (parity_calc_WIDTH8)
                                          0.000 4.49e-05 2.59e+05 3.04e-04   0.1
      U0_mux (mux)                     3.56e-06 7.27e-06 2.52e+04 3.60e-05   0.0
      U0_Serializer (Serializer_WIDTH8)
                                          0.000 5.49e-05 2.29e+05 2.84e-04   0.1
      U0_fsm (uart_tx_fsm)                0.000 2.00e-05 1.01e+05 1.21e-04   0.1
  U1_ClkDiv (ClkDiv_1)                 1.86e-04 5.79e-04 5.39e+05 1.30e-03   0.6
    add_49 (ClkDiv_1_DW01_inc_0)          0.000    0.000 8.37e+04 8.37e-05   0.0
  U0_CLKDIV_MUX (CLKDIV_MUX)              0.000    0.000 4.49e+04 4.49e-05   0.0
  U0_ClkDiv (ClkDiv_0)                 2.60e-05 6.34e-04 4.99e+05 1.16e-03   0.5
    add_49 (ClkDiv_0_DW01_inc_0)       1.87e-06 6.56e-06 8.36e+04 9.20e-05   0.0
  U0_PULSE_GEN (PULSE_GEN)                0.000 9.96e-06 2.32e+04 3.32e-05   0.0
  U0_UART_FIFO (Async_fifo_D_SIZE8_P_SIZE4_F_DEPTH8)
                                       1.15e-03 5.82e-02 2.16e+06 6.15e-02  28.6
    u_r2w_sync (DF_Sync_DATA_SIZE4_1)     0.000 5.79e-03 8.27e+04 5.87e-03   2.7
    u_fifo_rd (fifo_rd)                   0.000 3.94e-05 2.29e+05 2.68e-04   0.1
    u_fifo_wr (fifo_wr)                   0.000 5.86e-03 2.30e+05 6.09e-03   2.8
    u_w2r_sync (DF_Sync_DATA_SIZE4_0)     0.000 3.99e-05 7.48e+04 1.15e-04   0.1
    u_fifo_mem (fifo_mem_A_SIZE3_D_SIZE8_F_DEPTH8_P_SIZE4)
                                       9.10e-04 4.65e-02 1.54e+06 4.89e-02  22.7
  U0_ref_sync (DATA_SYNC_NUM_STAGES2_BUS_WIDTH8)
                                          0.000 8.68e-03 1.72e+05 8.85e-03   4.1
  U1_RST_SYNC (RST_SYNC_NUM_STAGES2_1) 1.30e-05 2.24e-03 2.53e+04 2.28e-03   1.1
  U0_RST_SYNC (RST_SYNC_NUM_STAGES2_0) 6.46e-06 2.37e-04 2.40e+04 2.67e-04   0.1
1
