 
****************************************
Report : timing
        -path full
        -delay max
        -max_paths 1
Design : SYS_TOP
Version: K-2015.06
Date   : Tue Sep 30 21:19:03 2025
****************************************

Operating Conditions: scmetro_tsmc_cl013g_rvt_ss_1p08v_125c   Library: scmetro_tsmc_cl013g_rvt_ss_1p08v_125c
Wire Load Model Mode: top

  Startpoint: U0_RegFile/regArr_reg[1][6]
              (rising edge-triggered flip-flop clocked by REF_CLK)
  Endpoint: U0_ALU/ALU_OUT_reg[0]
            (rising edge-triggered flip-flop clocked by ALU_CLK)
  Path Group: ALU_CLK
  Path Type: max

  Point                                                   Incr       Path
  --------------------------------------------------------------------------
  clock REF_CLK (rise edge)                               0.00       0.00
  clock network delay (ideal)                             0.00       0.00
  U0_RegFile/regArr_reg[1][6]/CK (DFFRQX2M)               0.00       0.00 r
  U0_RegFile/regArr_reg[1][6]/Q (DFFRQX2M)                0.48       0.48 f
  U0_RegFile/REG1[6] (RegFile)                            0.00       0.48 f
  U0_ALU/B[6] (ALU)                                       0.00       0.48 f
  U0_ALU/U91/Y (BUFX2M)                                   0.21       0.70 f
  U0_ALU/div_52/b[6] (ALU_DW_div_uns_0)                   0.00       0.70 f
  U0_ALU/div_52/U70/Y (NOR2X1M)                           0.16       0.86 r
  U0_ALU/div_52/U67/Y (AND3X1M)                           0.20       1.06 r
  U0_ALU/div_52/U65/Y (AND2X1M)                           0.16       1.22 r
  U0_ALU/div_52/U62/Y (AND4X1M)                           0.25       1.47 r
  U0_ALU/div_52/U40/Y (CLKMX2X2M)                         0.24       1.72 f
  U0_ALU/div_52/u_div/u_fa_PartRem_0_6_1/CO (ADDFX2M)     0.44       2.15 f
  U0_ALU/div_52/U63/Y (AND3X1M)                           0.32       2.47 f
  U0_ALU/div_52/U46/Y (CLKMX2X2M)                         0.24       2.71 r
  U0_ALU/div_52/u_div/u_fa_PartRem_0_5_1/CO (ADDFX2M)     0.49       3.20 r
  U0_ALU/div_52/u_div/u_fa_PartRem_0_5_2/CO (ADDFX2M)     0.24       3.43 r
  U0_ALU/div_52/U64/Y (AND2X1M)                           0.24       3.68 r
  U0_ALU/div_52/U51/Y (CLKMX2X2M)                         0.27       3.94 f
  U0_ALU/div_52/u_div/u_fa_PartRem_0_4_1/CO (ADDFX2M)     0.46       4.40 f
  U0_ALU/div_52/u_div/u_fa_PartRem_0_4_2/CO (ADDFX2M)     0.33       4.73 f
  U0_ALU/div_52/u_div/u_fa_PartRem_0_4_3/CO (ADDFX2M)     0.31       5.04 f
  U0_ALU/div_52/U66/Y (AND2X1M)                           0.28       5.31 f
  U0_ALU/div_52/U55/Y (CLKMX2X2M)                         0.24       5.55 f
  U0_ALU/div_52/u_div/u_fa_PartRem_0_3_1/CO (ADDFX2M)     0.46       6.01 f
  U0_ALU/div_52/u_div/u_fa_PartRem_0_3_2/CO (ADDFX2M)     0.33       6.33 f
  U0_ALU/div_52/u_div/u_fa_PartRem_0_3_3/CO (ADDFX2M)     0.33       6.66 f
  U0_ALU/div_52/u_div/u_fa_PartRem_0_3_4/CO (ADDFX2M)     0.31       6.97 f
  U0_ALU/div_52/U68/Y (AND3X1M)                           0.39       7.36 f
  U0_ALU/div_52/U58/Y (CLKMX2X2M)                         0.25       7.61 f
  U0_ALU/div_52/u_div/u_fa_PartRem_0_2_1/CO (ADDFX2M)     0.46       8.06 f
  U0_ALU/div_52/u_div/u_fa_PartRem_0_2_2/CO (ADDFX2M)     0.33       8.39 f
  U0_ALU/div_52/u_div/u_fa_PartRem_0_2_3/CO (ADDFX2M)     0.33       8.72 f
  U0_ALU/div_52/u_div/u_fa_PartRem_0_2_4/CO (ADDFX2M)     0.33       9.05 f
  U0_ALU/div_52/u_div/u_fa_PartRem_0_2_5/CO (ADDFX2M)     0.31       9.36 f
  U0_ALU/div_52/U69/Y (AND2X1M)                           0.32       9.68 f
  U0_ALU/div_52/U60/Y (CLKMX2X2M)                         0.25       9.93 f
  U0_ALU/div_52/u_div/u_fa_PartRem_0_1_1/CO (ADDFX2M)     0.46      10.39 f
  U0_ALU/div_52/u_div/u_fa_PartRem_0_1_2/CO (ADDFX2M)     0.33      10.71 f
  U0_ALU/div_52/u_div/u_fa_PartRem_0_1_3/CO (ADDFX2M)     0.33      11.04 f
  U0_ALU/div_52/u_div/u_fa_PartRem_0_1_4/CO (ADDFX2M)     0.33      11.37 f
  U0_ALU/div_52/u_div/u_fa_PartRem_0_1_5/CO (ADDFX2M)     0.33      11.70 f
  U0_ALU/div_52/u_div/u_fa_PartRem_0_1_6/CO (ADDFX2M)     0.31      12.01 f
  U0_ALU/div_52/U71/Y (AND2X1M)                           0.34      12.35 f
  U0_ALU/div_52/U61/Y (CLKMX2X2M)                         0.24      12.59 f
  U0_ALU/div_52/u_div/u_fa_PartRem_0_0_1/CO (ADDFX2M)     0.45      13.04 f
  U0_ALU/div_52/u_div/u_fa_PartRem_0_0_2/CO (ADDFX2M)     0.33      13.37 f
  U0_ALU/div_52/u_div/u_fa_PartRem_0_0_3/CO (ADDFX2M)     0.33      13.70 f
  U0_ALU/div_52/u_div/u_fa_PartRem_0_0_4/CO (ADDFX2M)     0.33      14.02 f
  U0_ALU/div_52/u_div/u_fa_PartRem_0_0_5/CO (ADDFX2M)     0.33      14.35 f
  U0_ALU/div_52/u_div/u_fa_PartRem_0_0_6/CO (ADDFX2M)     0.33      14.68 f
  U0_ALU/div_52/u_div/u_fa_PartRem_0_0_7/CO (ADDFX2M)     0.32      15.00 f
  U0_ALU/div_52/quotient[0] (ALU_DW_div_uns_0)            0.00      15.00 f
  U0_ALU/U43/Y (AOI222X1M)                                0.41      15.41 r
  U0_ALU/U40/Y (AOI31X2M)                                 0.14      15.55 f
  U0_ALU/ALU_OUT_reg[0]/D (DFFRQX2M)                      0.00      15.55 f
  data arrival time                                                 15.55

  clock ALU_CLK (rise edge)                              20.00      20.00
  clock network delay (ideal)                             0.00      20.00
  clock uncertainty                                      -0.20      19.80
  U0_ALU/ALU_OUT_reg[0]/CK (DFFRQX2M)                     0.00      19.80 r
  library setup time                                     -0.17      19.63
  data required time                                                19.63
  --------------------------------------------------------------------------
  data required time                                                19.63
  data arrival time                                                -15.55
  --------------------------------------------------------------------------
  slack (MET)                                                        4.08


  Startpoint: U0_SYS_CTRL/cs_reg[3]
              (rising edge-triggered flip-flop clocked by REF_CLK)
  Endpoint: U0_RegFile/RdData_reg[0]
            (rising edge-triggered flip-flop clocked by REF_CLK)
  Path Group: REF_CLK
  Path Type: max

  Point                                                   Incr       Path
  --------------------------------------------------------------------------
  clock REF_CLK (rise edge)                               0.00       0.00
  clock network delay (ideal)                             0.00       0.00
  U0_SYS_CTRL/cs_reg[3]/CK (DFFRQX2M)                     0.00       0.00 r
  U0_SYS_CTRL/cs_reg[3]/Q (DFFRQX2M)                      0.50       0.50 f
  U0_SYS_CTRL/U44/Y (INVX2M)                              0.11       0.61 r
  U0_SYS_CTRL/U40/Y (NAND2X2M)                            0.11       0.72 f
  U0_SYS_CTRL/U35/Y (NOR3X2M)                             0.30       1.02 r
  U0_SYS_CTRL/U12/Y (NOR2BX2M)                            0.20       1.22 f
  U0_SYS_CTRL/U46/Y (OAI222X1M)                           0.24       1.46 r
  U0_SYS_CTRL/RF_Address[0] (sys_ctrl)                    0.00       1.46 r
  U3/Y (BUFX2M)                                           0.41       1.88 r
  U0_RegFile/Address[0] (RegFile)                         0.00       1.88 r
  U0_RegFile/U107/Y (INVX2M)                              0.12       2.00 f
  U0_RegFile/U15/Y (BUFX2M)                               0.17       2.17 f
  U0_RegFile/U14/Y (INVX2M)                               0.77       2.94 r
  U0_RegFile/U100/Y (MX4X1M)                              0.49       3.43 f
  U0_RegFile/U60/Y (MX4X1M)                               0.34       3.77 f
  U0_RegFile/U59/Y (AO22X1M)                              0.32       4.09 f
  U0_RegFile/RdData_reg[0]/D (DFFRQX2M)                   0.00       4.09 f
  data arrival time                                                  4.09

  clock REF_CLK (rise edge)                              20.00      20.00
  clock network delay (ideal)                             0.00      20.00
  clock uncertainty                                      -0.20      19.80
  U0_RegFile/RdData_reg[0]/CK (DFFRQX2M)                  0.00      19.80 r
  library setup time                                     -0.15      19.65
  data required time                                                19.65
  --------------------------------------------------------------------------
  data required time                                                19.65
  data arrival time                                                 -4.09
  --------------------------------------------------------------------------
  slack (MET)                                                       15.55


  Startpoint: U1_ClkDiv/count_reg[2]
              (rising edge-triggered flip-flop clocked by UART_CLK)
  Endpoint: U1_ClkDiv/count_reg[0]
            (rising edge-triggered flip-flop clocked by UART_CLK)
  Path Group: UART_CLK
  Path Type: max

  Point                                                   Incr       Path
  --------------------------------------------------------------------------
  clock UART_CLK (rise edge)                              0.00       0.00
  clock network delay (ideal)                             0.00       0.00
  U1_ClkDiv/count_reg[2]/CK (DFFRQX2M)                    0.00       0.00 r
  U1_ClkDiv/count_reg[2]/Q (DFFRQX2M)                     0.50       0.50 f
  U1_ClkDiv/U35/Y (CLKXOR2X2M)                            0.23       0.73 f
  U1_ClkDiv/U34/Y (NOR4X1M)                               0.26       0.99 r
  U1_ClkDiv/U33/Y (NAND4X1M)                              0.20       1.19 f
  U1_ClkDiv/U32/Y (MXI2X1M)                               0.18       1.37 r
  U1_ClkDiv/U31/Y (CLKNAND2X2M)                           0.13       1.50 f
  U1_ClkDiv/U25/Y (AND3X1M)                               0.30       1.80 f
  U1_ClkDiv/U18/Y (AO22X1M)                               0.41       2.21 f
  U1_ClkDiv/count_reg[0]/D (DFFRQX2M)                     0.00       2.21 f
  data arrival time                                                  2.21

  clock UART_CLK (rise edge)                            271.30     271.30
  clock network delay (ideal)                             0.00     271.30
  clock uncertainty                                      -0.20     271.10
  U1_ClkDiv/count_reg[0]/CK (DFFRQX2M)                    0.00     271.10 r
  library setup time                                     -0.15     270.95
  data required time                                               270.95
  --------------------------------------------------------------------------
  data required time                                               270.95
  data arrival time                                                 -2.21
  --------------------------------------------------------------------------
  slack (MET)                                                      268.73


  Startpoint: U0_UART/U0_UART_RX/U0_edge_bit_counter/edge_count_reg[0]
              (rising edge-triggered flip-flop clocked by UART_RX_CLK)
  Endpoint: U0_UART/U0_UART_RX/U0_data_sampling/Samples_reg[2]
            (rising edge-triggered flip-flop clocked by UART_RX_CLK)
  Path Group: UART_RX_CLK
  Path Type: max

  Point                                                   Incr       Path
  --------------------------------------------------------------------------
  clock UART_RX_CLK (rise edge)                           0.00       0.00
  clock network delay (ideal)                             0.00       0.00
  U0_UART/U0_UART_RX/U0_edge_bit_counter/edge_count_reg[0]/CK (DFFRQX2M)
                                                          0.00       0.00 r
  U0_UART/U0_UART_RX/U0_edge_bit_counter/edge_count_reg[0]/Q (DFFRQX2M)
                                                          0.50       0.50 r
  U0_UART/U0_UART_RX/U0_edge_bit_counter/edge_count[0] (edge_bit_counter)
                                                          0.00       0.50 r
  U0_UART/U0_UART_RX/U0_data_sampling/edge_count[0] (data_sampling)
                                                          0.00       0.50 r
  U0_UART/U0_UART_RX/U0_data_sampling/U47/Y (CLKXOR2X2M)
                                                          0.34       0.83 f
  U0_UART/U0_UART_RX/U0_data_sampling/U46/Y (NOR3X1M)     0.21       1.04 r
  U0_UART/U0_UART_RX/U0_data_sampling/U45/Y (NAND4X1M)
                                                          0.27       1.31 f
  U0_UART/U0_UART_RX/U0_data_sampling/U36/Y (NOR4BX1M)
                                                          0.26       1.56 f
  U0_UART/U0_UART_RX/U0_data_sampling/U35/Y (NAND4X1M)
                                                          0.14       1.70 r
  U0_UART/U0_UART_RX/U0_data_sampling/U31/Y (NAND4BX1M)
                                                          0.17       1.87 f
  U0_UART/U0_UART_RX/U0_data_sampling/U25/Y (NOR2X1M)     0.16       2.03 r
  U0_UART/U0_UART_RX/U0_data_sampling/U24/Y (MXI2X1M)     0.13       2.17 r
  U0_UART/U0_UART_RX/U0_data_sampling/Samples_reg[2]/D (DFFRQX2M)
                                                          0.00       2.17 r
  data arrival time                                                  2.17

  clock UART_RX_CLK (rise edge)                         271.30     271.30
  clock network delay (ideal)                             0.00     271.30
  clock uncertainty                                      -0.20     271.10
  U0_UART/U0_UART_RX/U0_data_sampling/Samples_reg[2]/CK (DFFRQX2M)
                                                          0.00     271.10 r
  library setup time                                     -0.32     270.78
  data required time                                               270.78
  --------------------------------------------------------------------------
  data required time                                               270.78
  data arrival time                                                 -2.17
  --------------------------------------------------------------------------
  slack (MET)                                                      268.62


  Startpoint: U0_UART_FIFO/u_fifo_rd/rd_ptr_reg[1]
              (rising edge-triggered flip-flop clocked by UART_CLK)
  Endpoint: U0_UART/U0_UART_TX/U0_Serializer/DATA_V_reg[7]
            (rising edge-triggered flip-flop clocked by UART_TX_CLK)
  Path Group: UART_TX_CLK
  Path Type: max

  Point                                                   Incr       Path
  --------------------------------------------------------------------------
  clock UART_CLK (rise edge)                           8410.30    8410.30
  clock network delay (ideal)                             0.00    8410.30
  U0_UART_FIFO/u_fifo_rd/rd_ptr_reg[1]/CK (DFFRQX2M)      0.00    8410.30 r
  U0_UART_FIFO/u_fifo_rd/rd_ptr_reg[1]/Q (DFFRQX2M)       0.84    8411.14 r
  U0_UART_FIFO/u_fifo_rd/U5/Y (XNOR2X2M)                  0.28    8411.42 r
  U0_UART_FIFO/u_fifo_rd/U9/Y (XNOR2X2M)                  0.16    8411.57 r
  U0_UART_FIFO/u_fifo_rd/U6/Y (NAND4X2M)                  0.17    8411.74 f
  U0_UART_FIFO/u_fifo_rd/U3/Y (INVX2M)                    0.09    8411.83 r
  U0_UART_FIFO/u_fifo_rd/empty (fifo_rd)                  0.00    8411.83 r
  U0_UART_FIFO/o_empty (Async_fifo_D_SIZE8_P_SIZE4_F_DEPTH8)
                                                          0.00    8411.83 r
  U2/Y (INVX2M)                                           0.05    8411.88 f
  U0_UART/TX_IN_V (UART)                                  0.00    8411.88 f
  U0_UART/U0_UART_TX/Data_Valid (UART_TX_DATA_WIDTH8)     0.00    8411.88 f
  U0_UART/U0_UART_TX/U0_Serializer/Data_Valid (Serializer_WIDTH8)
                                                          0.00    8411.88 f
  U0_UART/U0_UART_TX/U0_Serializer/U7/Y (NOR2BX2M)        0.13    8412.01 f
  U0_UART/U0_UART_TX/U0_Serializer/U6/Y (BUFX2M)          0.20    8412.20 f
  U0_UART/U0_UART_TX/U0_Serializer/U3/Y (NOR2X2M)         0.31    8412.51 r
  U0_UART/U0_UART_TX/U0_Serializer/U4/Y (NOR2X2M)         0.15    8412.66 f
  U0_UART/U0_UART_TX/U0_Serializer/U22/Y (AO22X1M)        0.33    8412.99 f
  U0_UART/U0_UART_TX/U0_Serializer/DATA_V_reg[7]/D (DFFRQX2M)
                                                          0.00    8412.99 f
  data arrival time                                               8412.99

  clock UART_TX_CLK (rise edge)                        8681.60    8681.60
  clock network delay (ideal)                             0.00    8681.60
  clock uncertainty                                      -0.20    8681.40
  U0_UART/U0_UART_TX/U0_Serializer/DATA_V_reg[7]/CK (DFFRQX2M)
                                                          0.00    8681.40 r
  library setup time                                     -0.17    8681.23
  data required time                                              8681.23
  --------------------------------------------------------------------------
  data required time                                              8681.23
  data arrival time                                              -8412.99
  --------------------------------------------------------------------------
  slack (MET)                                                      268.25


1
